#-----------------------------------------------------------
# Vivado v2024.1 (64-bit)
# SW Build 5076996 on Wed May 22 18:36:09 MDT 2024
# IP Build 5075265 on Wed May 22 21:45:21 MDT 2024
# SharedData Build 5076995 on Wed May 22 18:29:18 MDT 2024
# Start of session at: Tue Aug  6 03:16:28 2024
# Process ID: 140439
# Current directory: /home/paul/Documents/DigialDesigns/decoder/decoder.runs/synth_1
# Command line: vivado -log decoder.vds -product Vivado -mode batch -messageDb vivado.pb -notrace -source decoder.tcl
# Log file: /home/paul/Documents/DigialDesigns/decoder/decoder.runs/synth_1/decoder.vds
# Journal file: /home/paul/Documents/DigialDesigns/decoder/decoder.runs/synth_1/vivado.jou
# Running On        :paul-ThinkPad-X1-Carbon-Gen-9
# Platform          :Ubuntu
# Operating System  :Ubuntu 22.04.4 LTS
# Processor Detail  :11th Gen Intel(R) Core(TM) i7-1165G7 @ 2.80GHz
# CPU Frequency     :2251.931 MHz
# CPU Physical cores:4
# CPU Logical cores :8
# Host memory       :16467 MB
# Swap memory       :2147 MB
# Total Virtual     :18614 MB
# Available Virtual :8544 MB
#-----------------------------------------------------------
source decoder.tcl -notrace
